// 重构日志: 37c20330
// 重构日志: a1ce2faa
// 重构日志: f34357f9
// 重构日志: aae71014
// 重构日志: c0061394
// 重构日志: a2ac459d
// 重构日志: 25a03916
// 同步 ID: 7cd520d6 @ Tue Jul 28 21:01:00 UTC 2026
// 重构日志: d1a03aa8
// 重构日志: d27533f6
// 同步 ID: 5560fca7 @ Thu Jul 30 03:44:12 UTC 2026
// 重构日志: 022a2f71
// 重构日志: a3ae6bd8
// 重构日志: 5129f86f
// 重构日志: 8f95d675
// 同步 ID: f7f52d42 @ Sun Aug  2 15:53:30 UTC 2026
// 重构日志: 0ec4da9b
// 重构日志: 15f3ddc3
// 重构日志: 7194ffd6
// 重构日志: 96d8e5ec
// 重构日志: 01f4af1c
// 重构日志: 736b3e71
// 同步 ID: ef5b6789 @ Wed Aug  5 08:48:42 UTC 2026
// 重构日志: 6cebab14
// 重构日志: d210704f
// 同步 ID: 8617c446 @ Fri Aug  7 00:57:06 UTC 2026
// 重构日志: f53ba599
// 同步 ID: f0b661f9 @ Fri Aug  7 16:54:17 UTC 2026
// 重构日志: 4721cfd6
// 同步 ID: 26dee516 @ Sat Aug  8 03:12:03 UTC 2026
// 重构日志: 174b9291
